AB	AvantGarde-Demi			pagd8g
ABI	AvantGarde-DemiOblique		pagdo8g
AI	AvantGarde-BookOblique		pagko8g
AR	AvantGarde-Book			pagk8g
BMB	Bookman-Demi			pbkd8g
BMBI	Bookman-DemiItalic		pbkdi8g
BMI	Bookman-LightItalic		pbkli8g
BMR	Bookman-Light			pbkl8g
CB	Courier-Bold			pcrb8g
CBI	Courier-BoldOblique		pcrbo8g
CI	Courier-Oblique			pcrro8g
CR	Courier				pcrr8g
EURO	FreeEuro			freeeuro
HNB	Helvetica-Narrow-Bold		phvb8gn
HNBI	Helvetica-Narrow-BoldOblique	phvbo8gn
HNI	Helvetica-Narrow-Oblique	phvro8gn
HNR	Helvetica-Narrow		phvr8gn
HB	Helvetica-Bold			phvb8g
HBI	Helvetica-BoldOblique		phvbo8g
HI	Helvetica-Oblique		phvro8g
HR	Helvetica			phvr8g
NB	NewCenturySchlbk-Bold		pncb8g
NBI	NewCenturySchlbk-BoldItalic	pncbi8g
NI	NewCenturySchlbk-Italic		pncri8g
NR	NewCenturySchlbk-Roman		pncr8g
PB	Palatino-Bold			pplb8g
PBI	Palatino-BoldItalic		pplbi8g
PI	Palatino-Italic			pplri8g
PR	Palatino-Roman			pplr8g
S	Symbol				psyr
SS	Symbol-Slanted			psyrgo
TB	Times-Bold			ptmb8g
TBI	Times-BoldItalic		ptmbi8g
TI	Times-Italic			ptmri8g
TR	Times-Roman			ptmr8g
ZCMI	ZapfChancery-MediumItalic	pzcmi8g
ZD	ZapfDingbats			pzdr
ZDR	ZapfDingbats-Reverse		zpzdr-reversed
